// Jest Snapshot v1, https://goo.gl/fbAQLP

exports[`migrate resources getResources 1`] = `
Array [
  Object {
    "languageId": "en",
    "modifiedTime": undefined,
    "resourceId": "ult",
  },
  Object {
    "languageId": "en",
    "modifiedTime": undefined,
    "resourceId": "ust",
  },
  Object {
    "languageId": "en",
    "modifiedTime": "2019-05-21T19:48:33+00:00",
    "resourceId": "translationNotes",
  },
  Object {
    "languageId": "en",
    "modifiedTime": "2019-05-17T19:25:28+00:00",
    "resourceId": "translationWords",
  },
  Object {
    "languageId": "el-x-koine",
    "modifiedTime": undefined,
    "resourceId": "ugnt",
  },
  Object {
    "languageId": "hbo",
    "modifiedTime": undefined,
    "resourceId": "uhb",
  },
]
`;
