// Jest Snapshot v1, https://goo.gl/fbAQLP

exports[`Alert Modal Componenet Should only mount dialog once, and never unmount if only the state is changing. 1`] = `<div />`;
