// Jest Snapshot v1, https://goo.gl/fbAQLP

exports[`LicenseModal component renders correctly LicenseModal Component render should match snapshot 1`] = `ShallowWrapper {}`;
