// Jest Snapshot v1, https://goo.gl/fbAQLP

exports[`MergeConflictsComponents.MergeConflictsCard should show merge conflicts versions if open 1`] = `ShallowWrapper {}`;

exports[`MergeConflictsComponents.MergeConflictsCard should show merge conflicts versions if open 2`] = `ShallowWrapper {}`;

exports[`MergeConflictsComponents.index should render the default component and match the snapshot 1`] = `
<div
  style={
    Object {
      "display": "flex",
      "flexDirection": "row",
      "height": "85%",
      "marginTop": "10px",
    }
  }
>
  <div
    style={
      Object {
        "height": "100%",
        "minWidth": "400px",
        "padding": "0px 20px 0 65px",
      }
    }
  >
    <div
      style={
        Object {
          "display": "flex",
          "flexDirection": "column",
          "height": "100%",
        }
      }
    >
      instructions
      <div
        style={
          Object {
            "WebkitTapHighlightColor": "rgba(0,0,0,0)",
            "backgroundColor": "#ffffff",
            "borderRadius": 2,
            "boxShadow": "0 1px 6px rgba(0, 0, 0, 0.12),
         0 1px 4px rgba(0, 0, 0, 0.12)",
            "boxSizing": "border-box",
            "color": "rgba(0, 0, 0, 0.87)",
            "fontFamily": "Roboto, sans-serif",
            "height": "100%",
            "lineHeight": "2em",
            "muiPrepared": true,
            "transition": "all 450ms cubic-bezier(0.23, 1, 0.32, 1) 0ms",
            "zIndex": 1,
          }
        }
      >
        <div
          style={
            Object {
              "paddingBottom": 8,
            }
          }
        >
          <div
            style={
              Object {
                "color": "rgba(0, 0, 0, 0.87)",
                "fontSize": 14,
                "height": "100%",
                "muiPrepared": true,
                "padding": 16,
              }
            }
          >
            <div>
              project_validation.merge_conflicts_found
            </div>
          </div>
        </div>
      </div>
    </div>
  </div>
  <div
    style={
      Object {
        "height": "100%",
        "padding": "0px 50px 22px 20px",
        "width": "100%",
      }
    }
  >
    <div
      style={
        Object {
          "height": "100%",
          "width": "100%",
        }
      }
    >
      project_validation.merge_conflicts
      <div
        style={
          Object {
            "WebkitTapHighlightColor": "rgba(0,0,0,0)",
            "backgroundColor": "#ffffff",
            "borderRadius": 2,
            "boxShadow": "0 1px 6px rgba(0, 0, 0, 0.12),
         0 1px 4px rgba(0, 0, 0, 0.12)",
            "boxSizing": "border-box",
            "color": "rgba(0, 0, 0, 0.87)",
            "fontFamily": "Roboto, sans-serif",
            "height": "100%",
            "muiPrepared": true,
            "transition": "all 450ms cubic-bezier(0.23, 1, 0.32, 1) 0ms",
            "width": "100%",
            "zIndex": 1,
          }
        }
      >
        <div
          style={
            Object {
              "height": "100%",
              "overflowY": "auto",
              "paddingBottom": 0,
            }
          }
        >
          <div
            style={
              Object {
                "borderBottom": "1px solid black",
                "paddingBottom": 20,
              }
            }
          >
            <div
              style={
                Object {
                  "alignItems": "center",
                  "display": "flex",
                }
              }
            >
              <div
                style={
                  Object {
                    "padding": "15px 15px 0px 15px",
                  }
                }
              >
                <div
                  style={
                    Object {
                      "fontWeight": "bold",
                      "paddingBottom": 5,
                    }
                  }
                >
                  project_validation.merge_conflict
                </div>
                <div>
                  project_validation.conflict_reference
                </div>
              </div>
              <div
                onClick={[Function]}
                style={
                  Object {
                    "alignItems": "center",
                    "border": "2px solid black",
                    "borderRadius": "50%",
                    "cursor": "pointer",
                    "display": "flex",
                    "height": 40,
                    "justifyContent": "center",
                    "margin": "15px 15px 0px auto",
                    "width": 40,
                  }
                }
              >
                <svg
                  onMouseEnter={[Function]}
                  onMouseLeave={[Function]}
                  style={
                    Object {
                      "color": "rgba(0, 0, 0, 0.87)",
                      "display": "inline-block",
                      "fill": "currentColor",
                      "height": 60,
                      "muiPrepared": true,
                      "transition": "all 450ms cubic-bezier(0.23, 1, 0.32, 1) 0ms",
                      "userSelect": "none",
                      "width": 60,
                    }
                  }
                  viewBox="0 0 24 24"
                >
                  <path
                    d="M7.41 7.84L12 12.42l4.59-4.58L18 9.25l-6 6-6-6z"
                  />
                </svg>
              </div>
            </div>
          </div>
        </div>
      </div>
    </div>
  </div>
</div>
`;
