// Jest Snapshot v1, https://goo.gl/fbAQLP

exports[`OnlineDialog Component Should render a component that matches snapshot 1`] = `
<div>
  <p
    style={
      Object {
        "fontSize": 15,
      }
    }
  >
    using_internet
  </p>
  <div
    style={
      Object {
        "display": "flex",
      }
    }
  >
    do_not_show_again
  </div>
</div>
`;
