// Jest Snapshot v1, https://goo.gl/fbAQLP

exports[`Tests for GroupsMenuFilterBubble Test GroupsMenuFilterBubble 1`] = `
<span
  className="filter-bubble-wrapper"
>
  <span
    className="filter-bubble"
  >
    <Glyphicon
      bsClass="glyphicon"
      className="filter-remove"
      glyph="remove"
      onClick={[Function]}
    />
    <span
      className="filter-text"
    >
      My filter
    </span>
  </span>
</span>
`;
