// Jest Snapshot v1, https://goo.gl/fbAQLP

exports[`Tests for Groups Test Groups 1`] = `
<div
  id="groups"
>
  <Group
    actions={
      Object {
        "groupMenuExpandSubMenu": [Function],
      }
    }
    active={true}
    getGroupItems={[Function]}
    groupIndex={
      Object {
        "name": "God",
      }
    }
    groupMenuReducer={
      Object {
        "isSubMenuExpanded": true,
      }
    }
    key="group1"
    openGroup={[Function]}
    progress={0.5}
  />
  <Group
    actions={
      Object {
        "groupMenuExpandSubMenu": [Function],
      }
    }
    active={true}
    getGroupItems={[Function]}
    groupIndex={
      Object {
        "name": "God",
      }
    }
    groupMenuReducer={
      Object {
        "isSubMenuExpanded": true,
      }
    }
    key="group2"
    openGroup={[Function]}
    progress={0.5}
  />
</div>
`;
