// Jest Snapshot v1, https://goo.gl/fbAQLP

exports[`OnlineImportModal component renders correctly OnlineImportModal Component render should match snapshot 1`] = `null`;
