// Jest Snapshot v1, https://goo.gl/fbAQLP

exports[`snapshots dark variant 1`] = `
Array [
  <button
    className=""
    onClick={[Function]}
    onMouseOut={[Function]}
    onMouseOver={[Function]}
    style={
      Object {
        "backgroundColor": "transparent",
        "border": "solid 1px #ffffff",
        "borderRadius": "5px",
        "color": "#ffffff",
        "fontSize": "12px",
        "outline": "none",
      }
    }
  >
    <svg
      onMouseEnter={[Function]}
      onMouseLeave={[Function]}
      style={
        Object {
          "MozTransition": "all 450ms cubic-bezier(0.23, 1, 0.32, 1) 0ms",
          "MozUserSelect": "none",
          "WebkitTransition": "all 450ms cubic-bezier(0.23, 1, 0.32, 1) 0ms",
          "WebkitUserSelect": "none",
          "color": "#ffffff",
          "display": "inline-block",
          "fill": "#ffffff",
          "height": 15,
          "marginRight": "5px",
          "msUserSelect": "none",
          "muiPrepared": true,
          "transition": "all 450ms cubic-bezier(0.23, 1, 0.32, 1) 0ms",
          "userSelect": "none",
          "verticalAlign": "middle",
          "width": 15,
        }
      }
      viewBox="0 0 24 24"
    >
      <path
        d="M19.43 12.98c.04-.32.07-.64.07-.98s-.03-.66-.07-.98l2.11-1.65c.19-.15.24-.42.12-.64l-2-3.46c-.12-.22-.39-.3-.61-.22l-2.49 1c-.52-.4-1.08-.73-1.69-.98l-.38-2.65C14.46 2.18 14.25 2 14 2h-4c-.25 0-.46.18-.49.42l-.38 2.65c-.61.25-1.17.59-1.69.98l-2.49-1c-.23-.09-.49 0-.61.22l-2 3.46c-.13.22-.07.49.12.64l2.11 1.65c-.04.32-.07.65-.07.98s.03.66.07.98l-2.11 1.65c-.19.15-.24.42-.12.64l2 3.46c.12.22.39.3.61.22l2.49-1c.52.4 1.08.73 1.69.98l.38 2.65c.03.24.24.42.49.42h4c.25 0 .46-.18.49-.42l.38-2.65c.61-.25 1.17-.59 1.69-.98l2.49 1c.23.09.49 0 .61-.22l2-3.46c.12-.22.07-.49-.12-.64l-2.11-1.65zM12 15.5c-1.93 0-3.5-1.57-3.5-3.5s1.57-3.5 3.5-3.5 3.5 1.57 3.5 3.5-1.57 3.5-3.5 3.5z"
      />
    </svg>
    menu
  </button>,
  <div
    style={
      Object {
        "display": "none",
      }
    }
  />,
]
`;

exports[`snapshots default 1`] = `
Array [
  <button
    className="btn-second"
    onClick={[Function]}
    onMouseOut={[Function]}
    onMouseOver={[Function]}
    style={Object {}}
  >
    menu
  </button>,
  <div
    style={
      Object {
        "display": "none",
      }
    }
  />,
]
`;

exports[`snapshots with icon 1`] = `
Array [
  <button
    className="btn-second"
    onClick={[Function]}
    onMouseOut={[Function]}
    onMouseOver={[Function]}
    style={Object {}}
  >
    <svg
      onMouseEnter={[Function]}
      onMouseLeave={[Function]}
      style={
        Object {
          "MozTransition": "all 450ms cubic-bezier(0.23, 1, 0.32, 1) 0ms",
          "MozUserSelect": "none",
          "WebkitTransition": "all 450ms cubic-bezier(0.23, 1, 0.32, 1) 0ms",
          "WebkitUserSelect": "none",
          "color": "var(--accent-color-dark)",
          "display": "inline-block",
          "fill": "var(--accent-color-dark)",
          "height": 24,
          "marginRight": "5px",
          "msUserSelect": "none",
          "muiPrepared": true,
          "transition": "all 450ms cubic-bezier(0.23, 1, 0.32, 1) 0ms",
          "userSelect": "none",
          "verticalAlign": "middle",
          "width": 24,
        }
      }
      viewBox="0 0 24 24"
    >
      <path
        d="M19.43 12.98c.04-.32.07-.64.07-.98s-.03-.66-.07-.98l2.11-1.65c.19-.15.24-.42.12-.64l-2-3.46c-.12-.22-.39-.3-.61-.22l-2.49 1c-.52-.4-1.08-.73-1.69-.98l-.38-2.65C14.46 2.18 14.25 2 14 2h-4c-.25 0-.46.18-.49.42l-.38 2.65c-.61.25-1.17.59-1.69.98l-2.49-1c-.23-.09-.49 0-.61.22l-2 3.46c-.13.22-.07.49.12.64l2.11 1.65c-.04.32-.07.65-.07.98s.03.66.07.98l-2.11 1.65c-.19.15-.24.42-.12.64l2 3.46c.12.22.39.3.61.22l2.49-1c.52.4 1.08.73 1.69.98l.38 2.65c.03.24.24.42.49.42h4c.25 0 .46-.18.49-.42l.38-2.65c.61-.25 1.17-.59 1.69-.98l2.49 1c.23.09.49 0 .61-.22l2-3.46c.12-.22.07-.49-.12-.64l-2.11-1.65zM12 15.5c-1.93 0-3.5-1.57-3.5-3.5s1.57-3.5 3.5-3.5 3.5 1.57 3.5 3.5-1.57 3.5-3.5 3.5z"
      />
    </svg>
    menu
  </button>,
  <div
    style={
      Object {
        "display": "none",
      }
    }
  />,
]
`;
