// Jest Snapshot v1, https://goo.gl/fbAQLP

exports[`Test ProjectCardMenu component Should match snapshot with required props 1`] = `
<div
  style={
    Object {
      "cursor": "pointer",
    }
  }
>
  <div
    onTouchTap={[Function]}
  >
    <span
      className="glyphicon glyphicon-option-vertical"
      style={
        Object {
          "fontSize": "large",
        }
      }
    />
  </div>
  <div
    style={
      Object {
        "display": "none",
      }
    }
  />
</div>
`;
