// Jest Snapshot v1, https://goo.gl/fbAQLP

exports[`snapshot 1`] = `
<div>
  <button
    className="btn-second"
    onClick={[Function]}
  >
    <span
      className="glyphicon glyphicon-share-alt"
      style={
        Object {
          "transform": "scaleX(-1)",
        }
      }
    />
     
    go_back
  </button>
  <div
    style={
      Object {
        "alignItems": "center",
        "color": "black",
        "display": "flex",
        "flexDirection": "column",
        "justifyContent": "center",
      }
    }
  >
    <h4
      style={
        Object {
          "marginTop": "40px",
        }
      }
    >
      <b>
        Terms and Conditions
      </b>
    </h4>
    <div>
      <p
        style={
          Object {
            "padding": "15px",
          }
        }
      >
        By continuing, you affirm that you have read and understand the terms and conditions and agree to:
      </p>
      <ul
        style={
          Object {
            "marginLeft": "50px",
            "padding": "10px",
          }
        }
      >
        <li>
          Only add content that does not infringe on someone else's copyright.
        </li>
        <br />
        <li>
          Only add content that does not conflict with the 
          <span
            id="faith-link"
            onClick={[Function]}
            style={
              Object {
                "cursor": "pointer",
                "textDecoration": "underline",
              }
            }
          >
            Statement of Faith.
          </span>
        </li>
        <br />
        <li>
          Release your contributions to the content under a 
          <span
            id="creative-link"
            onClick={[Function]}
            style={
              Object {
                "cursor": "pointer",
                "textDecoration": "underline",
              }
            }
          >
            Creative Commons Attribution-ShareAlike 4.0 International License.
          </span>
        </li>
      </ul>
    </div>
  </div>
</div>
`;
